exports[`rgb should convert a rgba object to a hex color 1`] = `
Object {
  "background": "rgba(255,205,100,180)",
}
`;

exports[`rgb should convert multiple numbers to a rgba string 1`] = `
Object {
  "background": "rgba(255,205,100,180)",
}
`;
